
> cracoe-connect-web@1.0.0 start
> react-scripts start

(node:64095) [DEP_WEBPACK_DEV_SERVER_ON_AFTER_SETUP_MIDDLEWARE] DeprecationWarning: 'onAfterSetupMiddleware' option is deprecated. Please use the 'setupMiddlewares' option.
(Use `node --trace-deprecation ...` to show where the warning was created)
(node:64095) [DEP_WEBPACK_DEV_SERVER_ON_BEFORE_SETUP_MIDDLEWARE] DeprecationWarning: 'onBeforeSetupMiddleware' option is deprecated. Please use the 'setupMiddlewares' option.
Starting the development server...


warn - The utility `` contains an invalid theme value and was not generated.
Compiled with warnings.

[eslint] 
src/components/EmployeeCard.js
  Line 4:27:  'CheckCircle' is defined but never used  no-unused-vars
  Line 4:40:  'Clock' is defined but never used        no-unused-vars
  Line 4:47:  'AlertCircle' is defined but never used  no-unused-vars

src/screens/DashboardScreen.js
  Line 18:3:   'Video' is defined but never used                          no-unused-vars
  Line 20:3:   'MessageSquare' is defined but never used                  no-unused-vars
  Line 30:21:  'setShareType' is assigned a value but never used          no-unused-vars
  Line 38:10:  'meetingError' is assigned a value but never used          no-unused-vars
  Line 47:9:   'searchResults' is assigned a value but never used         no-unused-vars
  Line 51:9:   'announcements' is assigned a value but never used         no-unused-vars
  Line 59:9:   'canSchedule' is assigned a value but never used           no-unused-vars
  Line 65:9:   'deleteAnnouncement' is assigned a value but never used    no-unused-vars
  Line 66:9:   'deleteScheduleItem' is assigned a value but never used    no-unused-vars
  Line 68:9:   'deleteMessage' is assigned a value but never used         no-unused-vars
  Line 132:9:  'handleShare' is assigned a value but never used           no-unused-vars
  Line 146:9:  'handleToggleAttendee' is assigned a value but never used  no-unused-vars
  Line 152:9:  'handleCreateMeeting' is assigned a value but never used   no-unused-vars
  Line 178:9:  'handleAnnouncement' is assigned a value but never used    no-unused-vars

Search for the keywords to learn more about each warning.
To ignore, add // eslint-disable-next-line to the line before.

WARNING in [eslint] 
src/components/EmployeeCard.js
  Line 4:27:  'CheckCircle' is defined but never used  no-unused-vars
  Line 4:40:  'Clock' is defined but never used        no-unused-vars
  Line 4:47:  'AlertCircle' is defined but never used  no-unused-vars

src/screens/DashboardScreen.js
  Line 18:3:   'Video' is defined but never used                          no-unused-vars
  Line 20:3:   'MessageSquare' is defined but never used                  no-unused-vars
  Line 30:21:  'setShareType' is assigned a value but never used          no-unused-vars
  Line 38:10:  'meetingError' is assigned a value but never used          no-unused-vars
  Line 47:9:   'searchResults' is assigned a value but never used         no-unused-vars
  Line 51:9:   'announcements' is assigned a value but never used         no-unused-vars
  Line 59:9:   'canSchedule' is assigned a value but never used           no-unused-vars
  Line 65:9:   'deleteAnnouncement' is assigned a value but never used    no-unused-vars
  Line 66:9:   'deleteScheduleItem' is assigned a value but never used    no-unused-vars
  Line 68:9:   'deleteMessage' is assigned a value but never used         no-unused-vars
  Line 132:9:  'handleShare' is assigned a value but never used           no-unused-vars
  Line 146:9:  'handleToggleAttendee' is assigned a value but never used  no-unused-vars
  Line 152:9:  'handleCreateMeeting' is assigned a value but never used   no-unused-vars
  Line 178:9:  'handleAnnouncement' is assigned a value but never used    no-unused-vars

webpack compiled with 1 warning
Compiled with warnings.

[eslint] 
src/components/EmployeeCard.js
  Line 4:27:  'CheckCircle' is defined but never used  no-unused-vars
  Line 4:40:  'Clock' is defined but never used        no-unused-vars
  Line 4:47:  'AlertCircle' is defined but never used  no-unused-vars

src/screens/DashboardScreen.js
  Line 18:3:   'Video' is defined but never used                          no-unused-vars
  Line 20:3:   'MessageSquare' is defined but never used                  no-unused-vars
  Line 30:21:  'setShareType' is assigned a value but never used          no-unused-vars
  Line 38:10:  'meetingError' is assigned a value but never used          no-unused-vars
  Line 47:9:   'searchResults' is assigned a value but never used         no-unused-vars
  Line 51:9:   'announcements' is assigned a value but never used         no-unused-vars
  Line 59:9:   'canSchedule' is assigned a value but never used           no-unused-vars
  Line 65:9:   'deleteAnnouncement' is assigned a value but never used    no-unused-vars
  Line 66:9:   'deleteScheduleItem' is assigned a value but never used    no-unused-vars
  Line 68:9:   'deleteMessage' is assigned a value but never used         no-unused-vars
  Line 132:9:  'handleShare' is assigned a value but never used           no-unused-vars
  Line 146:9:  'handleToggleAttendee' is assigned a value but never used  no-unused-vars
  Line 152:9:  'handleCreateMeeting' is assigned a value but never used   no-unused-vars
  Line 178:9:  'handleAnnouncement' is assigned a value but never used    no-unused-vars

Search for the keywords to learn more about each warning.
To ignore, add // eslint-disable-next-line to the line before.

WARNING in [eslint] 
src/components/EmployeeCard.js
  Line 4:27:  'CheckCircle' is defined but never used  no-unused-vars
  Line 4:40:  'Clock' is defined but never used        no-unused-vars
  Line 4:47:  'AlertCircle' is defined but never used  no-unused-vars

src/screens/DashboardScreen.js
  Line 18:3:   'Video' is defined but never used                          no-unused-vars
  Line 20:3:   'MessageSquare' is defined but never used                  no-unused-vars
  Line 30:21:  'setShareType' is assigned a value but never used          no-unused-vars
  Line 38:10:  'meetingError' is assigned a value but never used          no-unused-vars
  Line 47:9:   'searchResults' is assigned a value but never used         no-unused-vars
  Line 51:9:   'announcements' is assigned a value but never used         no-unused-vars
  Line 59:9:   'canSchedule' is assigned a value but never used           no-unused-vars
  Line 65:9:   'deleteAnnouncement' is assigned a value but never used    no-unused-vars
  Line 66:9:   'deleteScheduleItem' is assigned a value but never used    no-unused-vars
  Line 68:9:   'deleteMessage' is assigned a value but never used         no-unused-vars
  Line 132:9:  'handleShare' is assigned a value but never used           no-unused-vars
  Line 146:9:  'handleToggleAttendee' is assigned a value but never used  no-unused-vars
  Line 152:9:  'handleCreateMeeting' is assigned a value but never used   no-unused-vars
  Line 178:9:  'handleAnnouncement' is assigned a value but never used    no-unused-vars

webpack compiled with 1 warning
